// Jest Snapshot v1, https://goo.gl/fbAQLP

exports[`generic/molecules/LabeledTags renders 1`] = `
<styled.div>
  <styled.label>
    Test Tags
  </styled.label>
  <Tag
    blue={true}
    key="1"
    name="tag 1"
    onClick={[Function]}
  />
</styled.div>
`;
