// Jest Snapshot v1, https://goo.gl/fbAQLP

exports[`generic/molecules renders 1`] = `
<button>
  <Icon
    size="lg"
  />
</button>
`;
